\BOOKMARK [1][-]{section.1}{\376\377\000A\000m\000a\000\347\000\040\000v\000e\000\040\000K\000a\000p\000s\000a\000m}{}% 1
\BOOKMARK [1][-]{section.2}{\376\377\000N\000a\000m\000e\000s\000p\000a\000c\000e\000\040\000H\000i\000y\000e\000r\000a\000r\001\137\000i\000s\000i}{}% 2
\BOOKMARK [1][-]{section.3}{\376\377\000C\000A\000N\000-\000F\000D\000\040\000E\000x\000t\000e\000n\000d\000e\000d\000\040\000I\000d\000e\000n\000t\000i\000f\000i\000e\000r\000\040\000Y\000a\000p\001\061\000s\001\061}{}% 3
\BOOKMARK [2][-]{subsection.3.1}{\376\377\000\326\000n\000e\000r\000i\000l\000e\000n\000\040\000P\000r\000i\000o\000r\000i\000t\000y\000\040\000R\000e\000g\000i\000s\000t\000r\000y}{section.3}% 4
\BOOKMARK [1][-]{section.4}{\376\377\000N\000o\000d\000e\000\040\000A\000d\000d\000r\000e\000s\000s\000\040\000R\000e\000g\000i\000s\000t\000r\000y}{}% 5
\BOOKMARK [2][-]{subsection.4.1}{\376\377\000A\000d\000r\000e\000s\000\040\000A\000r\000a\000l\001\061\000k\000l\000a\000r\001\061}{section.4}% 6
\BOOKMARK [2][-]{subsection.4.2}{\376\377\000V\000i\000r\000t\000u\000a\000l\000\040\000N\000o\000d\000e\000\040\000A\000t\000a\000m\000a\000l\000a\000r\001\061}{section.4}% 7
\BOOKMARK [2][-]{subsection.4.3}{\376\377\000P\000h\000y\000s\000i\000c\000a\000l\000\040\000N\000o\000d\000e\000\040\000A\000t\000a\000m\000a\000l\000a\000r\001\061}{section.4}% 8
\BOOKMARK [2][-]{subsection.4.4}{\376\377\000S\000e\000r\000v\000i\000s\000\040\000v\000e\000\040\000\326\000z\000e\000l\000\040\000N\000o\000d\000e\000\040\000A\000t\000a\000m\000a\000l\000a\000r\001\061}{section.4}% 9
\BOOKMARK [2][-]{subsection.4.5}{\376\377\000N\000o\000d\000e\000\040\000E\000n\000u\000m\000\040\000T\000a\000n\001\061\000m\001\061}{section.4}% 10
\BOOKMARK [1][-]{section.5}{\376\377\000M\000e\000s\000s\000a\000g\000e\000\040\000C\000l\000a\000s\000s\000\040\000R\000e\000g\000i\000s\000t\000r\000y}{}% 11
\BOOKMARK [2][-]{subsection.5.1}{\376\377\000M\000e\000s\000s\000a\000g\000e\000\040\000C\000l\000a\000s\000s\000\040\000v\000e\000\040\000S\000e\000r\000v\000i\000c\000e\000\040\000A\000r\000a\000s\001\061\000n\000d\000a\000k\000i\000\040\000F\000a\000r\000k}{section.5}% 12
\BOOKMARK [1][-]{section.6}{\376\377\000S\000e\000r\000v\000i\000c\000e\000\040\000R\000e\000g\000i\000s\000t\000r\000y}{}% 13
\BOOKMARK [1][-]{section.7}{\376\377\000N\000o\000d\000e\040\023\000S\000e\000r\000v\000i\000c\000e\000\040\001\060\000l\000i\001\137\000k\000i\000s\000i}{}% 14
\BOOKMARK [1][-]{section.8}{\376\377\000C\000A\000N\000-\000F\000D\000\040\000D\000L\000C\000,\000\040\000P\000a\000y\000l\000o\000a\000d\000\040\000U\000z\000u\000n\000l\000u\001\037\000u\000\040\000v\000e\000\040\000B\000R\000S}{}% 15
\BOOKMARK [1][-]{section.9}{\376\377\000R\000E\000Q\000U\000E\000S\000T\040\023\000R\000E\000S\000P\000O\000N\000S\000E\000\040\000v\000e\000\040\000C\000O\000N\000F\000I\000G\000\040\000A\000y\000r\001\061\000m\001\061}{}% 16
\BOOKMARK [1][-]{section.10}{\376\377\000R\000e\000s\000p\000o\000n\000s\000e\000\040\000A\000l\000t\000y\000a\000p\001\061\000s\001\061}{}% 17
\BOOKMARK [2][-]{subsection.10.1}{\376\377\000G\000e\000n\000e\000r\000i\000c\000\040\000R\000e\000s\000p\000o\000n\000s\000e\000\040\000P\000a\000y\000l\000o\000a\000d}{section.10}% 18
\BOOKMARK [1][-]{section.11}{\376\377\000M\000a\000n\000t\001\061\000k\000s\000a\000l\000\040\000N\000o\000d\000e\000\040\000K\000i\000m\000l\000i\001\037\000i\000\040\000K\000u\000r\000a\000l\001\061}{}% 19
\BOOKMARK [1][-]{section.12}{\376\377\001\060\000s\000i\000m\000l\000e\000n\000d\000i\000r\000m\000e\000\040\000S\000t\000a\000n\000d\000a\000r\000d\001\061}{}% 20
\BOOKMARK [1][-]{section.13}{\376\377\000\326\000z\000e\000t\000\040\000R\000e\000g\000i\000s\000t\000r\000y}{}% 21
